<testsuites id="" name="" tests="27" failures="1" skipped="0" errors="0" time="12.569589">
<testsuite name="tests/ fail.spec.js" timestamp="2024-11-09T14:28:20.541Z" hostname="" tests="1" failures="1" skipped="0" time="5.697" errors="0">
<testcase name="has title" classname="tests/ fail.spec.js" time="5.697">
<failure message=" fail.spec.js:4:1 has title" type="FAILURE">
<![CDATA[  tests/ fail.spec.js:4:1 › has title ──────────────────────────────────────────────────────────────

    Error: Timed out 5000ms waiting for expect(locator).toHaveTitle(expected)

    Locator: locator(':root')
    Expected string: "Test Title to fail the test"
    Received string: "Fast and reliable end-to-end testing for modern web apps | Playwright"
    Call log:
      - expect.toHaveTitle with timeout 5000ms
      - waiting for locator(':root')
      -   locator resolved to <html lang="en" dir="ltr" data-theme="light" data-has-hydrated="" class="plugin-pages plugin-id-default" data-rh="lang,dir,class,data-has-hydrated">…</html>
      -   unexpected value "Fast and reliable end-to-end testing for modern web apps | Playwright"
      -   locator resolved to <html lang="en" dir="ltr" data-theme="light" data-has-hydrated="true" class="plugin-pages plugin-id-default" data-rh="lang,dir,class,data-has-hydrated">…</html>
      -   unexpected value "Fast and reliable end-to-end testing for modern web apps | Playwright"
      -   locator resolved to <html lang="en" dir="ltr" data-theme="light" data-has-hydrated="true" class="plugin-pages plugin-id-default" data-rh="lang,dir,class,data-has-hydrated">…</html>
      -   unexpected value "Fast and reliable end-to-end testing for modern web apps | Playwright"
      -   locator resolved to <html lang="en" dir="ltr" data-theme="light" data-has-hydrated="true" class="plugin-pages plugin-id-default" data-rh="lang,dir,class,data-has-hydrated">…</html>
      -   unexpected value "Fast and reliable end-to-end testing for modern web apps | Playwright"
      -   locator resolved to <html lang="en" dir="ltr" data-theme="light" data-has-hydrated="true" class="plugin-pages plugin-id-default" data-rh="lang,dir,class,data-has-hydrated">…</html>
      -   unexpected value "Fast and reliable end-to-end testing for modern web apps | Playwright"
      -   locator resolved to <html lang="en" dir="ltr" data-theme="light" data-has-hydrated="true" class="plugin-pages plugin-id-default" data-rh="lang,dir,class,data-has-hydrated">…</html>
      -   unexpected value "Fast and reliable end-to-end testing for modern web apps | Playwright"
      -   locator resolved to <html lang="en" dir="ltr" data-theme="light" data-has-hydrated="true" class="plugin-pages plugin-id-default" data-rh="lang,dir,class,data-has-hydrated">…</html>
      -   unexpected value "Fast and reliable end-to-end testing for modern web apps | Playwright"
      -   locator resolved to <html lang="en" dir="ltr" data-theme="light" data-has-hydrated="true" class="plugin-pages plugin-id-default" data-rh="lang,dir,class,data-has-hydrated">…</html>
      -   unexpected value "Fast and reliable end-to-end testing for modern web apps | Playwright"
      -   locator resolved to <html lang="en" dir="ltr" data-theme="light" data-has-hydrated="true" class="plugin-pages plugin-id-default" data-rh="lang,dir,class,data-has-hydrated">…</html>
      -   unexpected value "Fast and reliable end-to-end testing for modern web apps | Playwright"


      4 | test('has title', async ({ page }) => {
      5 |     await page.goto('https://playwright.dev/');
    > 6 |     await expect(page).toHaveTitle("Test Title to fail the test");
        |                        ^
      7 | });

        at /Users/syba/Developement/automation/playwright-reporters/tests/ fail.spec.js:6:24
]]>
</failure>
</testcase>
</testsuite>
<testsuite name="tests/example.spec.js" timestamp="2024-11-09T14:28:20.541Z" hostname="" tests="2" failures="0" skipped="0" time="1.31" errors="0">
<testcase name="has title" classname="tests/example.spec.js" time="0.756">
</testcase>
<testcase name="get started link" classname="tests/example.spec.js" time="0.554">
</testcase>
</testsuite>
<testsuite name="tests-examples/demo-todo-app.spec.js" timestamp="2024-11-09T14:28:20.541Z" hostname="" tests="24" failures="0" skipped="0" time="11.738" errors="0">
<testcase name="New Todo › should allow me to add todo items" classname="tests-examples/demo-todo-app.spec.js" time="0.895">
</testcase>
<testcase name="New Todo › should clear text input field when an item is added" classname="tests-examples/demo-todo-app.spec.js" time="0.434">
</testcase>
<testcase name="New Todo › should append new items to the bottom of the list" classname="tests-examples/demo-todo-app.spec.js" time="0.603">
</testcase>
<testcase name="Mark all as completed › should allow me to mark all items as completed" classname="tests-examples/demo-todo-app.spec.js" time="1.798">
</testcase>
<testcase name="Mark all as completed › should allow me to clear the complete state of all items" classname="tests-examples/demo-todo-app.spec.js" time="0.393">
</testcase>
<testcase name="Mark all as completed › complete all checkbox should update state when items are completed / cleared" classname="tests-examples/demo-todo-app.spec.js" time="0.413">
</testcase>
<testcase name="Item › should allow me to mark items as complete" classname="tests-examples/demo-todo-app.spec.js" time="0.363">
</testcase>
<testcase name="Item › should allow me to un-mark items as complete" classname="tests-examples/demo-todo-app.spec.js" time="0.432">
</testcase>
<testcase name="Item › should allow me to edit an item" classname="tests-examples/demo-todo-app.spec.js" time="0.556">
</testcase>
<testcase name="Editing › should hide other controls when editing" classname="tests-examples/demo-todo-app.spec.js" time="0.343">
</testcase>
<testcase name="Editing › should save edits on blur" classname="tests-examples/demo-todo-app.spec.js" time="0.369">
</testcase>
<testcase name="Editing › should trim entered text" classname="tests-examples/demo-todo-app.spec.js" time="0.362">
</testcase>
<testcase name="Editing › should remove the item if an empty text string was entered" classname="tests-examples/demo-todo-app.spec.js" time="0.365">
</testcase>
<testcase name="Editing › should cancel edits on escape" classname="tests-examples/demo-todo-app.spec.js" time="0.347">
</testcase>
<testcase name="Counter › should display the current number of todo items" classname="tests-examples/demo-todo-app.spec.js" time="0.329">
</testcase>
<testcase name="Clear completed button › should display the correct text" classname="tests-examples/demo-todo-app.spec.js" time="0.36">
</testcase>
<testcase name="Clear completed button › should remove completed items when clicked" classname="tests-examples/demo-todo-app.spec.js" time="0.429">
</testcase>
<testcase name="Clear completed button › should be hidden when there are no items that are completed" classname="tests-examples/demo-todo-app.spec.js" time="0.404">
</testcase>
<testcase name="Persistence › should persist its data" classname="tests-examples/demo-todo-app.spec.js" time="0.458">
</testcase>
<testcase name="Routing › should allow me to display active items" classname="tests-examples/demo-todo-app.spec.js" time="0.38">
</testcase>
<testcase name="Routing › should respect the back button" classname="tests-examples/demo-todo-app.spec.js" time="0.484">
</testcase>
<testcase name="Routing › should allow me to display completed items" classname="tests-examples/demo-todo-app.spec.js" time="0.376">
</testcase>
<testcase name="Routing › should allow me to display all items" classname="tests-examples/demo-todo-app.spec.js" time="0.448">
</testcase>
<testcase name="Routing › should highlight the currently applied filter" classname="tests-examples/demo-todo-app.spec.js" time="0.397">
</testcase>
</testsuite>
</testsuites>